// Jest Snapshot v1, https://goo.gl/fbAQLP

exports[`DNDImage.vue renders component 1`] = `
<div class="drop img-container" id="someFixedId" value="someFixedValue" setvalue="function mockConstructor() {
        return fn.apply(this, arguments);
      }"><img id="img" src="./assets/icons/upload-image.svg" class="fallback">
  <!---->
</div>
`;
