// Jest Snapshot v1, https://goo.gl/fbAQLP

exports[`DNDImage.vue renders component 1`] = `
<div class="drop img-container" id="someFixedId" setvalue="function mockConstructor() {
        return fn.apply(this, arguments);
      }"><img id="img" src="someFixedValue" class="fallback">
  <!---->
</div>
`;
