// Jest Snapshot v1, https://goo.gl/fbAQLP

exports[`AddProduct.vue renders the component 1`] = `
<div class="add-product">
  <div class="img-wrapper">
    <div class="img-container"><span>Img:</span> <img id="img"></div>
    <button-stub label="Escolha uma imagem" onclick="function () {}" id="img-btn" name="img-btn"></button-stub>
  </div>
  <div class="form">
    <form action="#">
      <inputwrapper-stub label="Nome" legend="Product Name">
        <textinput-stub id="name" type="text" value="" setvalue=""></textinput-stub>
      </inputwrapper-stub>
      <inputwrapper-stub label="Quantidade" legend="Product Quantity">
        <textinput-stub id="qtd" type="number"></textinput-stub>
      </inputwrapper-stub>
      <inputwrapper-stub label="Qtd (Min)" legend="Product Min Quantity">
        <textinput-stub id="minQtd" type="number"></textinput-stub>
      </inputwrapper-stub>
      <inputwrapper-stub label="Product Measure" legend="Product Measure" for="measure"><select name="measure" id="measure">
          <option selected="selected" disabled="disabled">Escolha uma opção</option>
          <option>
            UN
          </option>
          <option>
            L
          </option>
          <option>
            KG
          </option>
          <option>
            G
          </option>
        </select></inputwrapper-stub>
      <button-stub label="Enviar" onclick="function () {}" id="add-product" name="add-product"></button-stub>
    </form>
  </div>
</div>
`;
