// Jest Snapshot v1, https://goo.gl/fbAQLP

exports[`Home renders component 1`] = `
<div class="home">
  <div class="row">
    <card-stub onclick="function () { [native code] }" icon="./assets/icons/supermarket-car.svg"></card-stub>
    <card-stub onclick="function () { [native code] }" icon="./assets/icons/statistics.svg"></card-stub>
  </div>
  <div class="row btn-row">
    <button-stub id="goback" name="voltar" onclick="function () { [native code] }" label="Voltar" icon="./assets/icons/goback.svg" class="goback"></button-stub>
  </div>
</div>
`;
