// Jest Snapshot v1, https://goo.gl/fbAQLP

exports[`Login renders component 1`] = `
<div class="login">
  <form class="form">
    <inputwrapper-stub label="Login" legend="Login">
      <textinput-stub id="email" type="text" value="testing_username" setvalue="function () { [native code] }"></textinput-stub>
    </inputwrapper-stub>
    <inputwrapper-stub label="Senha" legend="Password">
      <textinput-stub id="pass" type="password" value="$@3sometest" setvalue="function () { [native code] }"></textinput-stub>
    </inputwrapper-stub>
    <button-stub label="Login" onclick="function () { [native code] }"></button-stub>
  </form>
</div>
`;
