// Jest Snapshot v1, https://goo.gl/fbAQLP

exports[`Login renders component 1`] = `
<div class="wrapper">
  <div class="login">
    <form class="form">
      <inputwrapper-stub label="Login" legend="Login">
        <textinput-stub id="email" type="text" value="testing_username" setvalue="function () { [native code] }"></textinput-stub>
      </inputwrapper-stub>
      <inputwrapper-stub label="Senha" legend="Password">
        <textinput-stub id="pass" type="password" value="$@3sometest" setvalue="function () { [native code] }"></textinput-stub>
      </inputwrapper-stub>
      <button-stub id="login" name="login" label="Login" onclick="function () { [native code] }"></button-stub>
    </form>
  </div>
  <div class="other-apps-login">
    <div class="app-login"><a href="http://localhost:8090/auth/facebook"><img id="facebook" src="/assets/icons/facebook.svg"></a></div>
    <div class="app-login"><a href="http://localhost:8090/auth/instagram"><img id="instagram" src="/assets/icons/instagram.svg"></a></div>
    <div class="app-login"><a href="http://localhost:8090/auth/google"><img id="google" src="/assets/icons/google.svg"></a></div>
  </div>
</div>
`;
