// Jest Snapshot v1, https://goo.gl/fbAQLP

exports[`Login renders component 1`] = `
<div class="about">
  <form class="form">
    <input-stub id="email" label="Login" type="text" value="testing_username" setvalue="function () { [native code] }"></input-stub>
    <input-stub id="pass" label="Senha" type="text" value="$@3sometest" setvalue="function () { [native code] }"></input-stub>
    <button-stub label="Login" onclick="function () { [native code] }"></button-stub>
  </form>
</div>
`;
