// Jest Snapshot v1, https://goo.gl/fbAQLP

exports[`ProductsList renders component 1`] = `
<div class="products-container">
  <div class="row">
    <productstable-stub></productstable-stub>
  </div>
  <div class="row">
    <button-stub id="go-back" name="voltar" onclick="function () { [native code] }" label="Voltar" icon="./assets/icons/goback.svg" class="footer-btn"></button-stub>
    <button-stub id="add-product" name="Add Product" onclick="function () { [native code] }" label="Add Product" icon="./assets/icons/add.svg" class="footer-btn"></button-stub>
  </div>
</div>
`;

exports[`ProductsList renders main components 1`] = `
<div class="products-container">
  <div class="row">
    <productstable-stub></productstable-stub>
  </div>
  <div class="row">
    <button-stub id="go-back" name="voltar" onclick="function () { [native code] }" label="Voltar" icon="./assets/icons/goback.svg" class="footer-btn"></button-stub>
    <button-stub id="add-product" name="Add Product" onclick="function () { [native code] }" label="Add Product" icon="./assets/icons/add.svg" class="footer-btn"></button-stub>
  </div>
</div>
`;
